[dotenv@17.2.3] injecting env (74) from .env -- tip: ??????  enable debug logging with { debug: true }
[33mwarn[39m: Razorpay client not initialized. Missing credentials. {"service":"snowcity-api","timestamp":"2026-03-01T09:54:45.432Z"}
[32minfo[39m: PhonePe configured for sandbox environment {"baseUrl":"https://api-preprod.phonepe.com","hasLegacy":true,"hasOAuth":true,"redirectUrl":"https://snowcity.vercel.app/payment/success","service":"snowcity-api","timestamp":"2026-03-01T09:54:45.446Z"}
[32minfo[39m: Zeptomail client configured {"service":"snowcity-api","timestamp":"2026-03-01T09:54:46.029Z"}
[32minfo[39m: SMTP transporter configured (Nodemailer) {"service":"snowcity-api","timestamp":"2026-03-01T09:54:46.036Z"}
--- STARTING COMPREHENSIVE 750 PRICE TEST ---
Step 1: Finding a valid attraction...
Found Attraction: "Snow Park" (ID: 7, Base Price: 650.00)
Step 2: Testing for Date: 2026-03-01
Step 3: Setting price to 750 for today...
Price set in attraction_date_prices.
Step 4: Calling bookingService.computeTotals...
[32minfo[39m: PostgreSQL connected {"database":"snowcity","host":"database-1.cf4cq0uc02xu.ap-south-1.rds.amazonaws.com","poolMax":20,"port":5432,"service":"snowcity-api","ssl":true,"timestamp":"2026-03-01T09:54:48.362Z","timezone":"UTC","user":"postgres"}
???? computeTotals STEP 1 - Base prices: {
  item_type: 'Attraction',
  qty: 1,
  baseUnit: 650,
  attraction_id: '7',
  combo_id: undefined,
  slot_id: undefined
}
???? computeTotals STEP 2 - Dynamic pricing result: {
  originalPrice: 750,
  finalPrice: 850,
  discountAmount: -100,
  appliedRules: 1
}
???? computeTotals FINAL: {
  baseUnit: 750,
  unit: 850,
  unitDiscount: -100,
  qty: 1,
  ticketsTotal: 850,
  baseTicketsTotal: 750,
  offerDiscountTotal: -100,
  addonsTotal: 0,
  total_amount: 850,
  discount_amount: 0,
  final_amount: 850,
  appliedDynamic: true
}
--- Price Calculation Result ---
Final Amount: 850
Base Unit Price (after injection): 750
Applied Offer: 
??? TEST FAILED: Expected 750, but got 850
This indicates the "same-day" or "prior-date" logic is still interfering.
--- TEST FINISHED ---
